@@ -, +, @@
 in EFI memmap
  BIOS-e820: [mem 0x000000002bc50000-0x00000000cfffffff] reserved
  pci_bus 0000:00: root bus resource [io  0x0000-0x0cf7 window]
  pci_bus 0000:00: root bus resource [io  0x0d00-0xffff window]
  pci_bus 0000:00: root bus resource [mem 0x000a0000-0x000bffff window]
  pci_bus 0000:00: root bus resource [mem 0x45400000-0xbfffffff window]
  pci_bus 0000:00: root bus resource [mem 0x4000000000-0x7fffffffff window]
  pci 0000:00:07.0: PCI bridge to [bus 01-2a]
  pci 0000:00:07.0:   bridge window [mem 0x46000000-0x521fffff]
  pci 0000:00:07.0:   bridge window [mem 0x6000000000-0x601bffffff 64bit pref]
  ...
  pci 0000:02:04.0: bridge window [mem 0x00100000-0x001fffff 64bit pref] to [bus 07-2a] add_size 100000 add_align 100000
  pci 0000:02:04.0: bridge window [mem 0x00100000-0x001fffff] to [bus 07-2a] add_size 100000 add_align 100000
  pci 0000:01:00.0: bridge window [mem 0x00100000-0x005fffff 64bit pref] to [bus 02-2a] add_size 100000 add_align 100000
  pci 0000:01:00.0: bridge window [mem 0x00100000-0x005fffff] to [bus 02-2a] add_size 100000 add_align 100000
  pci 0000:01:00.0: bridge window [io  0x1000-0x5fff] shrunken by 0x0000000000004000
  pci 0000:01:00.0: bridge window [mem 0x00100000-0x005fffff] extended by 0x000000000bd00000
  pci 0000:01:00.0: bridge window [mem 0x00100000-0x005fffff 64bit pref] extended by 0x000000001bb00000
  pci 0000:02:04.0: bridge window [mem 0x00100000-0x001fffff] extended by 0x000000000bd00000
  pci 0000:02:04.0: bridge window [mem 0x00100000-0x001fffff 64bit pref] extended by 0x000000001bb00000
  pci 0000:01:00.0: BAR 8: no space for [mem size 0x0c200000]
  pci 0000:01:00.0: BAR 8: failed to assign [mem size 0x0c200000]
  pci 0000:01:00.0: BAR 9: assigned [mem 0x6000000000-0x601bffffff 64bit pref]
  pci 0000:01:00.0: BAR 7: assigned [io  0x4000-0x4fff]
  [Reserved           |   |  |  |  |  |  |  | |   |WB|WT|WC|UC] range=[0x000000002bc50000-0x000000003fffffff] (323MB)
  [Reserved           |   |  |  |  |  |  |  | |   |WB|  |  |UC] range=[0x0000000040000000-0x0000000040ffffff] (16MB)
  [Reserved           |   |  |  |  |  |  |  | |   |  |  |  |  ] range=[0x0000000041000000-0x00000000453fffff] (68MB)
  [Memory Mapped I/O  |RUN|  |  |  |  |  |  | |   |  |  |  |UC] range=[0x0000000045400000-0x00000000cfffffff] (2220MB)
---
 arch/x86/kernel/resource.c | 37 ++++++++++++++++++++++++++++++++++++-
 1 file changed, 36 insertions(+), 1 deletion(-)
--- a/arch/x86/kernel/resource.c
+++ a/arch/x86/kernel/resource.c
@@ -1,4 +1,8 @@
 // SPDX-License-Identifier: GPL-2.0
+
+#define pr_fmt(fmt) "resource: " fmt
+
+#include <linux/efi.h>
 #include <linux/ioport.h>
 #include <asm/e820/api.h>

@@ -36,6 +40,36 @@ static void remove_e820_regions(struct resource *avail)
 	}
 }

+#ifdef CONFIG_EFI
+static bool efi_mmio_mem(const struct resource *avail)
+{
+	resource_size_t start, end;
+	efi_memory_desc_t desc;
+
+	if (!efi_enabled(EFI_MEMMAP) ||
+	    efi_mem_desc_lookup(avail->start, &desc))
+		return false;
+
+	start = desc.phys_addr;
+	end = desc.phys_addr + (desc.num_pages << EFI_PAGE_SHIFT) - 1;
+
+	/*
+	 * No need to clip the resource if it is fully contained in an
+	 * EFI memory mapped region.
+	 */
+	if (avail->start >= start && avail->end <= end &&
+	    desc.type == EFI_MEMORY_MAPPED_IO)
+		return true;
+
+	return false;
+}
+#else
+static inline bool efi_mmio_mem(const struct resource *avail)
+{
+	return false;
+}
+#endif
+
 void arch_remove_reservations(struct resource *avail)
 {
 	/*
@@ -46,6 +80,7 @@ void arch_remove_reservations(struct resource *avail)
 	if (avail->flags & IORESOURCE_MEM) {
 		resource_clip(avail, BIOS_ROM_BASE, BIOS_ROM_END);

-		remove_e820_regions(avail);
+		if (!efi_mmio_mem(avail))
+			remove_e820_regions(avail);
 	}
 }
--

